= Host-specific information ====================================================
$> hostname; uname -msr
c2r2s4.42.rio
Linux 5.15.0-186-generic x86_64
$> date
Wed Aug  5 08:00:28 PM -03 2026

= User files collection ========================================================
Collecting user files from Vogsphere
Repository URL: git@vogsphere.42.rio:exam-2026-08-05/hebatist_exam-rank-02_exam_16h55m00s.git

= Git history ==================================================================
$> git -C /tmp/tmpcxjabpl6/user log --pretty='%H - %an, %ad : %s'
accb482d326f71f60d2425a29a50c8236922ed7f - Exam 42, Wed Aug 5 20:00:03 2026 -0300 : first commit
 
= Collected files ==========================================
$> ls -lAR /tmp/tmpcxjabpl6/user
/tmp/tmpcxjabpl6/user:
total 8
-rw-r--r-- 1 root root  258 Aug  5 20:00 __GIT_HISTORY
drwxr-xr-x 2 root root 4096 Aug  5 20:00 mini_serv

/tmp/tmpcxjabpl6/user/mini_serv:
total 8
-rw-r--r-- 1 root root 4234 Aug  5 20:00 main.c
 
= mini_serv ====================================================================
$> cc -Wextra -Wall -Werror fcntl.c -o user_exe 
/usr/bin/ld: /usr/bin/../lib/gcc/x86_64-linux-gnu/11/../../../x86_64-linux-gnu/crt1.o: in function `_start':
(.text+0x1b): undefined reference to `main'
clang: error: linker command failed with exit code 1 (use -v to see invocation)

Could not compile 'user_exe'
Grade: 0

= Final grade: 0 ===============================================================
