= Host-specific information ====================================================
$> hostname; uname -msr
c1r1s7.42.rio
Linux 5.15.0-186-generic x86_64
$> date
Wed Aug  5 08:12:00 PM -03 2026

= User files collection ========================================================
Collecting user files from Vogsphere
Repository URL: git@vogsphere.42.rio:exam-2026-08-05/hebatist_exam-rank-02_exam_16h55m00s.git

= Git history ==================================================================
$> git -C /tmp/tmpv0yexf2u/user log --pretty='%H - %an, %ad : %s'
26c709a142262da60b5bc0932246bd07d5d642a2 - Exam 42, Wed Aug 5 20:11:38 2026 -0300 : third commit
64bbf730041ad9e5a1ec6ee91d551e6ffdc17e62 - Exam 42, Wed Aug 5 20:04:41 2026 -0300 : second commit
a85f3849a2dd0095def7db7b3df6cb1f45d70cda - Exam 42, Wed Aug 5 20:00:03 2026 -0300 : first commit
 
= Collected files ==========================================
$> ls -lAR /tmp/tmpv0yexf2u/user
/tmp/tmpv0yexf2u/user:
total 8
-rw-r--r-- 1 root root  695 Aug  5 20:12 __GIT_HISTORY
drwxr-xr-x 2 root root 4096 Aug  5 20:12 mini_serv

/tmp/tmpv0yexf2u/user/mini_serv:
total 8
-rw-r--r-- 1 root root 4220 Aug  5 20:12 mini_serv.c
 
= mini_serv ====================================================================
$> cc -Wextra -Wall -Werror mini_serv.c fcntl.c -o user_exe 

$> cc -Wextra -Wall -Werror fcntl.c main.c -o ref_exe 

= Test 1 ===================================================
$> ./m1xrrdsh20pcmlwcpc27du49
$> ./m1xrrdsh20pcmlwcpc27du49
$> diff -U 3 user_output_test1 test1.output | cat -e

Diff OK :D
= Test 2 ===================================================
$> ./8iguqz85gio1qdz1oacxhf5f 22
$> ./8iguqz85gio1qdz1oacxhf5f 22
$> diff -U 3 user_output_test2 test2.output | cat -e

Diff OK :D
= Test 3 ===================================================
$> ./tester ./kujr151p9akrkj6qm5w5cq9o generated3.test 29424459 | sort
$> ./tester ./kujr151p9akrkj6qm5w5cq9o generated3.test 29424459 | sort
$> diff -U 3 user_output_test3 test3.output | cat -e

Diff OK :D
= Test 4 ===================================================
$> ./tester ./79wzpoey5mxen1dktyctq3hg generated4.test 16366194 | sort
$> ./tester ./79wzpoey5mxen1dktyctq3hg generated4.test 16366194 | sort
$> diff -U 3 user_output_test4 test4.output | cat -e

Diff OK :D
= Test 5 ===================================================
$> ./tester ./cneh23o8huvcdrzvqz2tk59m generated5.test 15914130 | sort
$> ./tester ./cneh23o8huvcdrzvqz2tk59m generated5.test 15914130 | sort
$> diff -U 3 user_output_test5 test5.output | cat -e

Diff OK :D
= Test 6 ===================================================
$> ./tester ./th0ykruj6sh9vl5fyxzn1ea8 generated6.test 16364300 | sort
$> ./tester ./th0ykruj6sh9vl5fyxzn1ea8 generated6.test 16364300 | sort
$> diff -U 3 user_output_test6 test6.output | cat -e
--- user_output_test6	2026-08-05 23:12:18.496156037 +0000$
+++ test6.output	2026-08-05 23:12:20.748137637 +0000$
@@ -1,54 +1,54 @@$
-received 1: $
-received 1: $
-received 1: $
-received 1: $
-received 1: $
-received 1: $
-received 1: $
-received 1: $
-received 1: $
-received 1: $
-received 1: $
-received 1: $
-received 1: $
-received 1: $
-received 1: $
-received 1: $
-received 1: $
-received 1: $
-received 1: $
-received 1: $
-received 1: $
-received 1: $
-received 1: $
-received 1: $
+received 1: client 1: $
+received 1: client 1: $
+received 1: client 1: $
+received 1: client 1: $
+received 1: client 1: $
+received 1: client 1: $
+received 1: client 1: $
+received 1: client 1: $
+received 1: client 1: $
+received 1: client 1: $
+received 1: client 1: $
+received 1: client 1: $
+received 1: client 1: $
+received 1: client 1: $
+received 1: client 1: $
+received 1: client 1: $
+received 1: client 1: $
+received 1: client 1: $
+received 1: client 1: $
+received 1: client 1: $
+received 1: client 1: $
+received 1: client 1: $
+received 1: client 1: $
+received 1: client 1: $
 received 1: client 1: $
 received 1: client 1: $
 received 1: server: client 1 just arrived$
-received 2: $
-received 2: $
-received 2: $
-received 2: $
-received 2: $
-received 2: $
-received 2: $
-received 2: $
-received 2: $
-received 2: $
-received 2: $
-received 2: $
-received 2: $
-received 2: $
-received 2: $
-received 2: $
-received 2: $
-received 2: $
-received 2: $
-received 2: $
-received 2: $
-received 2: $
-received 2: $
-received 2: $
+received 2: client 0: $
+received 2: client 0: $
+received 2: client 0: $
+received 2: client 0: $
+received 2: client 0: $
+received 2: client 0: $
+received 2: client 0: $
+received 2: client 0: $
+received 2: client 0: $
+received 2: client 0: $
+received 2: client 0: $
+received 2: client 0: $
+received 2: client 0: $
+received 2: client 0: $
+received 2: client 0: $
+received 2: client 0: $
+received 2: client 0: $
+received 2: client 0: $
+received 2: client 0: $
+received 2: client 0: $
+received 2: client 0: $
+received 2: client 0: $
+received 2: client 0: $
+received 2: client 0: $
 received 2: client 0: $
 received 2: client 0: $
 received 2: server: client 0 just left$

Diff KO :(
Grade: 0

= Final grade: 0 ===============================================================
