= Host-specific information ====================================================
$> hostname; uname -msr
connectivity-check.warp-svc
Linux 5.15.0-86-generic x86_64
$> date
Wed Aug  5 08:23:07 PM -03 2026

= User files collection ========================================================
Collecting user files from Vogsphere
Repository URL: git@vogsphere.42.rio:exam-2026-08-05/hebatist_exam-rank-02_exam_16h55m00s.git

= Git history ==================================================================
$> git -C /tmp/tmpgdogh2ay/user log --pretty='%H - %an, %ad : %s'
26c709a142262da60b5bc0932246bd07d5d642a2 - Exam 42, Wed Aug 5 20:11:38 2026 -0300 : third commit
64bbf730041ad9e5a1ec6ee91d551e6ffdc17e62 - Exam 42, Wed Aug 5 20:04:41 2026 -0300 : second commit
a85f3849a2dd0095def7db7b3df6cb1f45d70cda - Exam 42, Wed Aug 5 20:00:03 2026 -0300 : first commit
 
= Collected files ==========================================
$> ls -lAR /tmp/tmpgdogh2ay/user
/tmp/tmpgdogh2ay/user:
total 8
-rw-r--r-- 1 root root  695 Aug  5 20:23 __GIT_HISTORY
drwxr-xr-x 2 root root 4096 Aug  5 20:23 mini_serv

/tmp/tmpgdogh2ay/user/mini_serv:
total 8
-rw-r--r-- 1 root root 4220 Aug  5 20:23 mini_serv.c
 
= mini_serv ====================================================================
$> cc -Wextra -Wall -Werror fcntl.c mini_serv.c -o user_exe 

$> cc -Wextra -Wall -Werror fcntl.c main.c -o ref_exe 

= Test 1 ===================================================
$> ./vkmx17bdh9hsn0y0ghacap00
$> ./vkmx17bdh9hsn0y0ghacap00
$> diff -U 3 user_output_test1 test1.output | cat -e

Diff OK :D
= Test 2 ===================================================
$> ./mx2v83egej41iujnebyt2eg7 22
$> ./mx2v83egej41iujnebyt2eg7 22
$> diff -U 3 user_output_test2 test2.output | cat -e

Diff OK :D
= Test 3 ===================================================
$> ./tester ./t7d7hxxvw2s2snkogn9u3ra4 generated3.test 28584829 | sort
$> ./tester ./t7d7hxxvw2s2snkogn9u3ra4 generated3.test 28584829 | sort
$> diff -U 3 user_output_test3 test3.output | cat -e

Diff OK :D
= Test 4 ===================================================
$> ./tester ./qyj1bvg72uxm3wdf4mz8ff6m generated4.test 1081779 | sort
$> ./tester ./qyj1bvg72uxm3wdf4mz8ff6m generated4.test 1081779 | sort
$> diff -U 3 user_output_test4 test4.output | cat -e

Diff OK :D
= Test 5 ===================================================
$> ./tester ./264mhq86pswq2x2l0v0uha04 generated5.test 30875603 | sort
$> ./tester ./264mhq86pswq2x2l0v0uha04 generated5.test 30875603 | sort
$> diff -U 3 user_output_test5 test5.output | cat -e

Diff OK :D
= Test 6 ===================================================
$> ./tester ./xhwlkzfzzaob80u7dzzdj15k generated6.test 318652 | sort
$> ./tester ./xhwlkzfzzaob80u7dzzdj15k generated6.test 318652 | sort
$> diff -U 3 user_output_test6 test6.output | cat -e
--- user_output_test6	2026-08-05 23:23:23.337238355 +0000$
+++ test6.output	2026-08-05 23:23:25.581254665 +0000$
@@ -1,54 +1,54 @@$
-received 1: $
-received 1: $
-received 1: $
-received 1: $
-received 1: $
-received 1: $
-received 1: $
-received 1: $
-received 1: $
-received 1: $
-received 1: $
-received 1: $
-received 1: $
-received 1: $
-received 1: $
-received 1: $
-received 1: $
-received 1: $
-received 1: $
-received 1: $
-received 1: $
-received 1: $
-received 1: $
-received 1: $
-received 1: $
+received 1: client 1: $
+received 1: client 1: $
+received 1: client 1: $
+received 1: client 1: $
+received 1: client 1: $
+received 1: client 1: $
+received 1: client 1: $
+received 1: client 1: $
+received 1: client 1: $
+received 1: client 1: $
+received 1: client 1: $
+received 1: client 1: $
+received 1: client 1: $
+received 1: client 1: $
+received 1: client 1: $
+received 1: client 1: $
+received 1: client 1: $
+received 1: client 1: $
+received 1: client 1: $
+received 1: client 1: $
+received 1: client 1: $
+received 1: client 1: $
+received 1: client 1: $
+received 1: client 1: $
+received 1: client 1: $
 received 1: client 1: $
 received 1: server: client 1 just arrived$
-received 2: $
-received 2: $
-received 2: $
-received 2: $
-received 2: $
-received 2: $
-received 2: $
-received 2: $
-received 2: $
-received 2: $
-received 2: $
-received 2: $
-received 2: $
-received 2: $
-received 2: $
-received 2: $
-received 2: $
-received 2: $
-received 2: $
-received 2: $
-received 2: $
-received 2: $
-received 2: $
-received 2: $
-received 2: $
+received 2: client 0: $
+received 2: client 0: $
+received 2: client 0: $
+received 2: client 0: $
+received 2: client 0: $
+received 2: client 0: $
+received 2: client 0: $
+received 2: client 0: $
+received 2: client 0: $
+received 2: client 0: $
+received 2: client 0: $
+received 2: client 0: $
+received 2: client 0: $
+received 2: client 0: $
+received 2: client 0: $
+received 2: client 0: $
+received 2: client 0: $
+received 2: client 0: $
+received 2: client 0: $
+received 2: client 0: $
+received 2: client 0: $
+received 2: client 0: $
+received 2: client 0: $
+received 2: client 0: $
+received 2: client 0: $
 received 2: client 0: $
 received 2: server: client 0 just left$

Diff KO :(
Grade: 0

= Final grade: 0 ===============================================================
