= Host-specific information ====================================================
$> hostname; uname -msr
c2r5s4.42.rio
Linux 5.15.0-86-generic x86_64
$> date
Wed Aug  5 08:37:19 PM -03 2026

= User files collection ========================================================
Collecting user files from Vogsphere
Repository URL: git@vogsphere.42.rio:exam-2026-08-05/hebatist_exam-rank-02_exam_16h55m00s.git

= Git history ==================================================================
$> git -C /tmp/tmpbbs8rdux/user log --pretty='%H - %an, %ad : %s'
96240c5dc5130cca462a23fb8655621a5ddaa245 - Exam 42, Wed Aug 5 20:35:16 2026 -0300 : fourth commit
26c709a142262da60b5bc0932246bd07d5d642a2 - Exam 42, Wed Aug 5 20:11:38 2026 -0300 : third commit
64bbf730041ad9e5a1ec6ee91d551e6ffdc17e62 - Exam 42, Wed Aug 5 20:04:41 2026 -0300 : second commit
a85f3849a2dd0095def7db7b3df6cb1f45d70cda - Exam 42, Wed Aug 5 20:00:03 2026 -0300 : first commit
 
= Collected files ==========================================
$> ls -lAR /tmp/tmpbbs8rdux/user
/tmp/tmpbbs8rdux/user:
total 8
-rw-r--r-- 1 root root  907 Aug  5 20:37 __GIT_HISTORY
drwxr-xr-x 2 root root 4096 Aug  5 20:37 mini_serv

/tmp/tmpbbs8rdux/user/mini_serv:
total 8
-rw-r--r-- 1 root root 4291 Aug  5 20:37 mini_serv.c
 
= mini_serv ====================================================================
$> cc -Wextra -Wall -Werror mini_serv.c fcntl.c -o user_exe 

$> cc -Wextra -Wall -Werror main.c fcntl.c -o ref_exe 

= Test 1 ===================================================
$> ./iunafnty9rf5r7agho752sw6
$> ./iunafnty9rf5r7agho752sw6
$> diff -U 3 user_output_test1 test1.output | cat -e

Diff OK :D
= Test 2 ===================================================
$> ./tk7l5ak63mwneeiq3p00hspp 22
$> ./tk7l5ak63mwneeiq3p00hspp 22
$> diff -U 3 user_output_test2 test2.output | cat -e

Diff OK :D
= Test 3 ===================================================
$> ./tester ./bizkpp22zxi4tjv93mytq2ov generated3.test 26668286 | sort
$> ./tester ./bizkpp22zxi4tjv93mytq2ov generated3.test 26668286 | sort
$> diff -U 3 user_output_test3 test3.output | cat -e

Diff OK :D
= Test 4 ===================================================
$> ./tester ./d57u5ozxgodtdeuvb6v5qitr generated4.test 9466103 | sort
$> ./tester ./d57u5ozxgodtdeuvb6v5qitr generated4.test 9466103 | sort
$> diff -U 3 user_output_test4 test4.output | cat -e

Diff OK :D
= Test 5 ===================================================
$> ./tester ./7p8r5hac2ljt2dcr238cithq generated5.test 1535056 | sort
$> ./tester ./7p8r5hac2ljt2dcr238cithq generated5.test 1535056 | sort
$> diff -U 3 user_output_test5 test5.output | cat -e
--- user_output_test5	2026-08-05 23:37:31.291245190 +0000$
+++ test5.output	2026-08-05 23:37:33.523266813 +0000$
@@ -1,2 +1,3 @@$
 received 1: server: client 1 just arrived$
+received 2: client 0: $
 received 2: server: client 0 just left$

Diff KO :(
Grade: 0

= Final grade: 0 ===============================================================
